###############################################################################
#
# IAR ELF Linker V8.22.2.15995/W32 for ARM                14/Jun/2018  14:39:54
# Copyright 2007-2018 IAR Systems AB.
#
#    Output file  =  C:\Users\E_M\Documents\IAR_PROJECTS\Debug\Exe\iar_test.out
#    Map file     =  
#        C:\Users\E_M\Documents\IAR_PROJECTS\Debug\List\iar_test.map
#    Command line =  
#        -f C:\Users\E_M\AppData\Local\Temp\EW9959.tmp
#        (C:\Users\E_M\Documents\IAR_PROJECTS\Debug\Obj\ads1110.o
#        C:\Users\E_M\Documents\IAR_PROJECTS\Debug\Obj\ads1115.o
#        C:\Users\E_M\Documents\IAR_PROJECTS\Debug\Obj\cstartup_M.o
#        C:\Users\E_M\Documents\IAR_PROJECTS\Debug\Obj\main.o
#        C:\Users\E_M\Documents\IAR_PROJECTS\Debug\Obj\max6675.o
#        C:\Users\E_M\Documents\IAR_PROJECTS\Debug\Obj\mcp4725.o
#        C:\Users\E_M\Documents\IAR_PROJECTS\Debug\Obj\Start_system.o -o
#        C:\Users\E_M\Documents\IAR_PROJECTS\Debug\Exe\iar_test.out --redirect
#        _Printf=_PrintfFullNoMb --redirect _Scanf=_ScanfFullNoMb --map
#        C:\Users\E_M\Documents\IAR_PROJECTS\Debug\List\iar_test.map --config
#        "C:\Program Files (x86)\IAR Systems\Embedded Workbench
#        8.0\arm\config\linker\TexasInstruments\LM4F120H5QR.icf" --semihosting
#        --entry __iar_program_start --vfe --text_out locale)
#
###############################################################################

*******************************************************************************
*** RUNTIME MODEL ATTRIBUTES
***

CppFlavor       = *
__Heap_Handler  = Basic
__SystemLibrary = DLib
__dlib_version  = 6


*******************************************************************************
*** HEAP SELECTION
***

The basic heap was selected because some modules are built with
size limitations (and not runtime checking), and --advanced_heap
was not specified.


*******************************************************************************
*** PLACEMENT SUMMARY
***

"A0":  place at 0x00000000 { ro section .intvec };
"P1":  place in [from 0x00000000 to 0x0003ffff] { ro };
define block CSTACK with size = 2K, alignment = 8 { };
define block HEAP with size = 8K, alignment = 8 { };
"P2":  place in [from 0x20000000 to 0x20007fff] {
          rw, block CSTACK, block HEAP };

  Section          Kind        Address    Size  Object
  -------          ----        -------    ----  ------
"A0":                                     0xa0
  .intvec          const    0x00000000    0xa0  cstartup_M.o [1]
                          - 0x000000a0    0xa0

"P1":                                   0x211e
  .text            ro code  0x000000a0   0xe22  xprintffull_nomb.o [3]
  .text            ro code  0x00000ec2     0xa  xsprout.o [3]
  .text            ro code  0x00000ecc    0x16  strchr.o [5]
  .text            ro code  0x00000ee2     0x2  cstartup_M.o [1]
  .text            ro code  0x00000ee4    0x40  xfail_s.o [3]
  .text            ro code  0x00000f24    0x36  strlen.o [5]
  .text            ro code  0x00000f5a     0x2  cstartup_M.o [1]
  .text            ro code  0x00000f5c    0x58  memchr.o [5]
  .text            ro code  0x00000fb4   0x22e  I64DivMod.o [5]
  .text            ro code  0x000011e2     0x2  cstartup_M.o [1]
  .text            ro code  0x000011e4   0x1a2  DblMul.o [4]
  .text            ro code  0x00001386     0x2  cstartup_M.o [1]
  .text            ro code  0x00001388    0x76  ABImemcpy_unaligned.o [5]
  .text            ro code  0x000013fe     0x2  cstartup_M.o [1]
  .text            ro code  0x00001400    0x70  frexp.o [4]
  .text            ro code  0x00001470    0x2e  DblCmpLe.o [4]
  .text            ro code  0x0000149e     0x2  cstartup_M.o [1]
  .text            ro code  0x000014a0    0x2e  DblCmpGe.o [4]
  .text            ro code  0x000014ce     0x2  cstartup_M.o [1]
  .text            ro code  0x000014d0   0x13a  ldexp.o [4]
  .text            ro code  0x0000160a     0x2  cstartup_M.o [1]
  .text            ro code  0x0000160c    0x3a  DblToS32.o [4]
  .text            ro code  0x00001646     0x2  cstartup_M.o [1]
  .text            ro code  0x00001648    0x22  S32ToDbl.o [4]
  .text            ro code  0x0000166c    0xe2  DblSub.o [4]
  .text            ro code  0x00001750   0x246  DblDiv.o [4]
  .text            ro code  0x00001998    0x28  DblToU32.o [4]
  .text            ro code  0x000019c0    0x1a  U32ToDbl.o [4]
  .text            ro code  0x000019da     0x6  abort.o [3]
  .text            ro code  0x000019e0     0x2  I64DivZer.o [5]
  .text            ro code  0x000019e4   0x168  DblAdd.o [4]
  .text            ro code  0x00001b4c    0x14  exit.o [6]
  .text            ro code  0x00001b60   0x28c  Start_system.o [1]
  .text            ro code  0x00001dec   0x104  main.o [1]
  .text            ro code  0x00001ef0    0x44  mcp4725.o [1]
  .text            ro code  0x00001f34    0x52  ads1110.o [1]
  .text            ro code  0x00001f88    0x1c  U32ToFlt.o [4]
  .text            ro code  0x00001fa4    0xd8  FltMul.o [4]
  .text            ro code  0x0000207c    0x48  FltToDbl.o [4]
  .text            ro code  0x000020c4    0x40  sprintf.o [3]
  .text            ro code  0x00002104    0x40  zero_init3.o [5]
  .text            ro code  0x00002144    0x28  data_init.o [5]
  .iar.init_table  const    0x0000216c    0x10  - Linker created -
  .text            ro code  0x0000217c    0x1e  cmain.o [5]
  .text            ro code  0x0000219a     0x4  low_level_init.o [3]
  .text            ro code  0x0000219e     0x4  exit.o [3]
  .text            ro code  0x000021a4     0xa  cexit.o [5]
  .text            ro code  0x000021ae    0x10  cstartup_M.o [1]
  .rodata          const    0x000021be     0x0  zero_init3.o [5]
                          - 0x000021be  0x211e

"P2", part 1 of 2:                        0x14
  .bss             zero     0x20000000     0x8  main.o [1]
  .bss             zero     0x20000008     0x4  main.o [1]
  .bss             zero     0x2000000c     0x4  xfail_s.o [3]
  .bss             zero     0x20000010     0x2  main.o [1]
  .bss             zero     0x20000012     0x2  main.o [1]
                          - 0x20000014    0x14

"P2", part 2 of 2:                       0x800
  CSTACK                    0x20000018   0x800  <Block>
    CSTACK         uninit   0x20000018   0x800  <Block tail>
                          - 0x20000818   0x800


*******************************************************************************
*** INIT TABLE
***

          Address     Size
          -------     ----
Zero (__iar_zero_init3)
    1 destination range, total size 0x14:
          0x20000000  0x14



*******************************************************************************
*** MODULE SUMMARY
***

    Module                 ro code  ro data  rw data
    ------                 -------  -------  -------
C:\Users\E_M\Documents\IAR_PROJECTS\Debug\Obj: [1]
    Start_system.o             652
    ads1110.o                   82
    cstartup_M.o                34      160
    main.o                     260                16
    mcp4725.o                   68
    ------------------------------------------------
    Total:                   1 096      160       16

command line: [2]
    ------------------------------------------------
    Total:

dl7M_tln.a: [3]
    abort.o                      6
    exit.o                       4
    low_level_init.o             4
    sprintf.o                   64
    xfail_s.o                   64                 4
    xprintffull_nomb.o       3 618
    xsprout.o                   10
    ------------------------------------------------
    Total:                   3 770                 4

m7M_tl.a: [4]
    DblAdd.o                   360
    DblCmpGe.o                  46
    DblCmpLe.o                  46
    DblDiv.o                   582
    DblMul.o                   418
    DblSub.o                   226
    DblToS32.o                  58
    DblToU32.o                  40
    FltMul.o                   216
    FltToDbl.o                  72
    S32ToDbl.o                  34
    U32ToDbl.o                  26
    U32ToFlt.o                  28
    frexp.o                    112
    ldexp.o                    314
    ------------------------------------------------
    Total:                   2 578

rt7M_tl.a: [5]
    ABImemcpy_unaligned.o      118
    I64DivMod.o                558
    I64DivZer.o                  2
    cexit.o                     10
    cmain.o                     30
    data_init.o                 40
    memchr.o                    88
    strchr.o                    22
    strlen.o                    54
    zero_init3.o                64
    ------------------------------------------------
    Total:                     986

shb_l.a: [6]
    exit.o                      20
    ------------------------------------------------
    Total:                      20

    Gaps                        12
    Linker created                       16    2 048
----------------------------------------------------
    Grand Total:             8 462      176    2 068


*******************************************************************************
*** ENTRY LIST
***

Entry                      Address   Size  Type      Object
-----                      -------   ----  ----      ------
.iar.init_table$$Base   0x0000216c          --   Gb  - Linker created -
.iar.init_table$$Limit  0x0000217c          --   Gb  - Linker created -
?main                   0x0000217d         Code  Gb  cmain.o [5]
CSTACK$$Base            0x20000018          --   Gb  - Linker created -
CSTACK$$Limit           0x20000818          --   Gb  - Linker created -
Clock_Init              0x00001b61   0x94  Code  Gb  Start_system.o [1]
GPIO_Init               0x00001bf5   0x32  Code  Gb  Start_system.o [1]
Get_ADS1110_Data        0x00001f51   0x36  Code  Gb  ads1110.o [1]
I2C_Init                0x00001c83   0x64  Code  Gb  Start_system.o [1]
LoadInt                 0x00000253   0x7a  Code  Lc  xprintffull_nomb.o [3]
Region$$Table$$Base     0x0000216c          --   Gb  - Linker created -
Region$$Table$$Limit    0x0000217c          --   Gb  - Linker created -
TIMER1A_Handler         0x00001ded   0x1a  Code  Gb  main.o [1]
TIMER2A_Handler         0x00001e07   0x44  Code  Gb  main.o [1]
Timer0_Init             0x00001c27   0x5c  Code  Gb  Start_system.o [1]
Write_ADS1110_Config    0x00001f35   0x1c  Code  Gb  ads1110.o [1]
Write_mcp4725           0x00001ef1   0x44  Code  Gb  mcp4725.o [1]
_GenldFullNoMb          0x00000bc1  0x274  Code  Lc  xprintffull_nomb.o [3]
_LdtobFullNoMb          0x00000795  0x3fe  Code  Lc  xprintffull_nomb.o [3]
_LitobFullNoMb          0x0000063d  0x112  Code  Lc  xprintffull_nomb.o [3]
_PrintfFullNoMb         0x000000a1  0x1a4  Code  Gb  xprintffull_nomb.o [3]
_PutcharsFullNoMb       0x00000e35   0x2e  Code  Lc  xprintffull_nomb.o [3]
_PutfldFullNoMb         0x000002cd  0x264  Code  Lc  xprintffull_nomb.o [3]
_PuttxtFullNoMb         0x00000531  0x10c  Code  Lc  xprintffull_nomb.o [3]
_SProut                 0x00000ec3    0xa  Code  Gb  xsprout.o [3]
__aeabi_cdcmple         0x00001471         Code  Gb  DblCmpLe.o [4]
__aeabi_cdrcmple        0x000014a1         Code  Gb  DblCmpGe.o [4]
__aeabi_d2iz            0x0000160d         Code  Gb  DblToS32.o [4]
__aeabi_d2uiz           0x00001999         Code  Gb  DblToU32.o [4]
__aeabi_ddiv            0x00001751         Code  Gb  DblDiv.o [4]
__aeabi_dmul            0x000011e5         Code  Gb  DblMul.o [4]
__aeabi_dsub            0x0000166d         Code  Gb  DblSub.o [4]
__aeabi_f2d             0x0000207d         Code  Gb  FltToDbl.o [4]
__aeabi_fmul            0x00001fa5         Code  Gb  FltMul.o [4]
__aeabi_i2d             0x00001649         Code  Gb  S32ToDbl.o [4]
__aeabi_ldiv0           0x000019e1         Code  Gb  I64DivZer.o [5]
__aeabi_ui2d            0x000019c1         Code  Gb  U32ToDbl.o [4]
__aeabi_ui2f            0x00001f89         Code  Gb  U32ToFlt.o [4]
__aeabi_uldivmod        0x00000fb5         Code  Gb  I64DivMod.o [5]
__cmain                 0x0000217d         Code  Gb  cmain.o [5]
__exit                  0x00001b4d   0x14  Code  Gb  exit.o [6]
__iar_Fail_s            0x00000ee5   0x1c  Code  Gb  xfail_s.o [3]
__iar_Memchr            0x00000f5d         Code  Gb  memchr.o [5]
__iar_Strchr            0x00000ecd         Code  Gb  strchr.o [5]
__iar_dadd              0x0000167d         Code  Gb  DblSub.o [4]
__iar_data_init3        0x00002145   0x28  Code  Gb  data_init.o [5]
__iar_dsub              0x000019e5         Code  Gb  DblAdd.o [4]
__iar_dsubStart         0x000019f7         Code  Gb  DblAdd.o [4]
__iar_frexp             0x0000140d         Code  Gb  frexp.o [4]
__iar_frexp64           0x00001401         Code  Gb  frexp.o [4]
__iar_frexpl            0x0000140d         Code  Gb  frexp.o [4]
__iar_ldexp64           0x000014d1         Code  Gb  ldexp.o [4]
__iar_program_start     0x000021af   0x10  Code  Gb  cstartup_M.o [1]
__iar_scalbln64         0x000014d1         Code  Gb  ldexp.o [4]
__iar_scalbn64          0x000014d1         Code  Gb  ldexp.o [4]
__iar_systems$$module {Abs}
                        0x00000001         Data  Gb  command line/config [2]
__iar_unaligned_memcpy  0x00001389         Code  Gb  ABImemcpy_unaligned.o [5]
__iar_unaligned_memcpy4
                        0x000013a9         Code  Gb  ABImemcpy_unaligned.o [5]
__iar_unaligned_memcpy8
                        0x000013a9         Code  Gb  ABImemcpy_unaligned.o [5]
__iar_zero_init3        0x00002105   0x40  Code  Gb  zero_init3.o [5]
__low_level_init        0x0000219b    0x4  Code  Gb  low_level_init.o [3]
__vector_table          0x00000000   0xa0  Data  Gb  cstartup_M.o [1]
_call_main              0x00002189         Code  Gb  cmain.o [5]
_exit                   0x000021a5         Code  Gb  cexit.o [5]
_main                   0x00002197         Code  Gb  cmain.o [5]
abort                   0x000019db    0x6  Code  Gb  abort.o [3]
adc                     0x20000010    0x2  Data  Gb  main.o [1]
dac                     0x20000012    0x2  Data  Gb  main.o [1]
exit                    0x0000219f    0x4  Code  Gb  exit.o [3]
frexp                   0x00001401         Code  Gb  frexp.o [4]
frexpl                  0x00001401         Code  Gb  frexp.o [4]
i2c_addr                0x00001ce7   0x22  Code  Gb  Start_system.o [1]
i2c_read_data           0x00001d5d   0x38  Code  Gb  Start_system.o [1]
i2c_write_data          0x00001d2d   0x30  Code  Gb  Start_system.o [1]
i2c_write_one_byte      0x00001d09   0x24  Code  Gb  Start_system.o [1]
ldexp                   0x000014d1         Code  Gb  ldexp.o [4]
ldexpl                  0x000014d1         Code  Gb  ldexp.o [4]
main                    0x00001e4b   0x74  Code  Gb  main.o [1]
memchr                  0x00000f5d         Code  Gb  memchr.o [5]
mv                      0x20000008    0x4  Data  Gb  main.o [1]
scalbln                 0x000014d1         Code  Gb  ldexp.o [4]
scalblnl                0x000014d1         Code  Gb  ldexp.o [4]
scalbn                  0x000014d1         Code  Gb  ldexp.o [4]
scalbnl                 0x000014d1         Code  Gb  ldexp.o [4]
scale                   0x0000074f   0x46  Code  Lc  xprintffull_nomb.o [3]
sec_hand                0x2000000c    0x4  Data  Lc  xfail_s.o [3]
sprintf                 0x000020c5   0x40  Code  Gb  sprintf.o [3]
str                     0x20000000    0x8  Data  Gb  main.o [1]
strchr                  0x00000ecd         Code  Gb  strchr.o [5]
strlen                  0x00000f25         Code  Gb  strlen.o [5]


[1] = C:\Users\E_M\Documents\IAR_PROJECTS\Debug\Obj
[2] = command line
[3] = dl7M_tln.a
[4] = m7M_tl.a
[5] = rt7M_tl.a
[6] = shb_l.a

  8 462 bytes of readonly  code memory
    176 bytes of readonly  data memory
  2 068 bytes of readwrite data memory

Errors: none
Warnings: none
